Oct 30, 2025 1:06:45.310191255 PM comp512st.tiapp.TreasureIslandApp main INFO: Started with arguments : [tr-open-03.cs.mcgill.ca:40203, tr-open-01.cs.mcgill.ca:40103,tr-open-03.cs.mcgill.ca:40203, game-03-99, 2, 2]
Oct 30, 2025 1:06:45.318827644 PM comp512.utils.FailCheck <init> INFO: Initializing failure check emulation setup....
Oct 30, 2025 1:06:45.371665727 PM comp512.gcl.GCL <init> INFO: Host tr-open-03.cs.mcgill.ca/10.69.38.153:40203
Oct 30, 2025 1:06:45.372400123 PM comp512.gcl.GCL <init> INFO: Initializing outbox despatcher threads.
Oct 30, 2025 1:06:45.374240848 PM comp512.gcl.GCL$GCLOutBoxDespatcher run INFO: tr-open-01.cs.mcgill.ca:40103: Starting outbox despatch thread for process.
Oct 30, 2025 1:06:45.374327046 PM comp512.gcl.GCL$GCLOutBoxDespatcher run INFO: tr-open-03.cs.mcgill.ca:40203: Starting outbox despatch thread for process.
Oct 30, 2025 1:06:45.396209128 PM comp512.ti.TreasureIsland <init> INFO: Treasure Island initialized.
Oct 30, 2025 1:07:03.619606391 PM comp512.gcl.GCL$InboxListener run INFO: Network connection request from  /10.69.38.151
Oct 30, 2025 1:07:03.641402032 PM comp512.gcl.GCL$InboxListener run INFO: tr-open-01.cs.mcgill.ca:40103: Input stream set up for this process to receive incoming messages. Inet: /10.69.38.151
Oct 30, 2025 1:07:03.642250781 PM comp512.gcl.GCL$GCLInbox run INFO: tr-open-01.cs.mcgill.ca:40103: Starting an inBox thread to receive messages from this process.
Oct 30, 2025 1:07:03.693371433 PM comp512.gcl.GCL$GCLInbox run FINE: tr-open-01.cs.mcgill.ca:40103: Received a message from. message: [senderProcess:tr-open-01.cs.mcgill.ca:40103:val:[Ljava.lang.Object;@3954f038]
Oct 30, 2025 1:07:03.693914731 PM comp512.gcl.GCL readGCMessage INFO: Delivering message : [senderProcess:tr-open-01.cs.mcgill.ca:40103:val:[Ljava.lang.Object;@3954f038]
Oct 30, 2025 1:07:03.694430587 PM comp512st.tiapp.TreasureIslandApp run FINE: Received :[1, L]
Oct 30, 2025 1:07:03.695087712 PM comp512.ti.TreasureIsland move INFO: Move request: player number 1 direction L
Oct 30, 2025 1:07:15.632646610 PM comp512st.tiapp.TreasureIslandApp main FINE: cmd is : U
Oct 30, 2025 1:07:15.633391079 PM comp512.gcl.GCL broadcastMsg FINE: Broadcast message request received. Translating to point-to-point messages : [Ljava.lang.Object;@3d82c5f3
Oct 30, 2025 1:07:15.633952743 PM comp512.gcl.GCL sendMsg FINE: Request received to send message to tr-open-01.cs.mcgill.ca:40103. [Ljava.lang.Object;@3d82c5f3
Oct 30, 2025 1:07:15.634302678 PM comp512.gcl.GCL sendMsg FINE: Request received to send message to tr-open-03.cs.mcgill.ca:40203. [Ljava.lang.Object;@3d82c5f3
Oct 30, 2025 1:07:15.636406540 PM comp512.gcl.GCL$InboxListener run INFO: Network connection request from  /10.69.38.153
Oct 30, 2025 1:07:15.639892053 PM comp512.gcl.GCL$InboxListener run INFO: tr-open-03.cs.mcgill.ca:40203: Input stream set up for this process to receive incoming messages. Inet: /10.69.38.153
Oct 30, 2025 1:07:15.640054207 PM comp512.gcl.GCL$GCLOutBoxDespatcher run FINE: tr-open-03.cs.mcgill.ca:40203: Sending message to. message: [senderProcess:tr-open-03.cs.mcgill.ca:40203:val:[Ljava.lang.Object;@3d82c5f3]
Oct 30, 2025 1:07:15.640048605 PM comp512.gcl.GCL$GCLOutBoxDespatcher run FINE: tr-open-01.cs.mcgill.ca:40103: Sending message to. message: [senderProcess:tr-open-03.cs.mcgill.ca:40203:val:[Ljava.lang.Object;@3d82c5f3]
Oct 30, 2025 1:07:15.640463680 PM comp512.gcl.GCL$GCLInbox run INFO: tr-open-03.cs.mcgill.ca:40203: Starting an inBox thread to receive messages from this process.
Oct 30, 2025 1:07:15.642317174 PM comp512.gcl.GCL$GCLInbox run FINE: tr-open-03.cs.mcgill.ca:40203: Received a message from. message: [senderProcess:tr-open-03.cs.mcgill.ca:40203:val:[Ljava.lang.Object;@722be47c]
Oct 30, 2025 1:07:15.642572664 PM comp512.gcl.GCL readGCMessage INFO: Delivering message : [senderProcess:tr-open-03.cs.mcgill.ca:40203:val:[Ljava.lang.Object;@722be47c]
Oct 30, 2025 1:07:15.642858319 PM comp512st.tiapp.TreasureIslandApp run FINE: Received :[2, U]
Oct 30, 2025 1:07:15.643170634 PM comp512.ti.TreasureIsland move INFO: Move request: player number 2 direction U
Oct 30, 2025 1:07:46.129167441 PM comp512.gcl.GCL$GCLInbox run FINE: tr-open-01.cs.mcgill.ca:40103: Received a message from. message: [senderProcess:tr-open-01.cs.mcgill.ca:40103:val:[Ljava.lang.Object;@5e446f97]
Oct 30, 2025 1:07:46.129679381 PM comp512.gcl.GCL readGCMessage INFO: Delivering message : [senderProcess:tr-open-01.cs.mcgill.ca:40103:val:[Ljava.lang.Object;@5e446f97]
Oct 30, 2025 1:07:46.129924457 PM comp512st.tiapp.TreasureIslandApp run FINE: Received :[1, R]
Oct 30, 2025 1:07:46.130107296 PM comp512.ti.TreasureIsland move INFO: Move request: player number 1 direction R
Oct 30, 2025 1:07:47.611475285 PM comp512.gcl.GCL$GCLInbox run FINE: tr-open-01.cs.mcgill.ca:40103: Received a message from. message: [senderProcess:tr-open-01.cs.mcgill.ca:40103:val:[Ljava.lang.Object;@5e00354a]
Oct 30, 2025 1:07:47.612124577 PM comp512.gcl.GCL readGCMessage INFO: Delivering message : [senderProcess:tr-open-01.cs.mcgill.ca:40103:val:[Ljava.lang.Object;@5e00354a]
Oct 30, 2025 1:07:47.612340938 PM comp512st.tiapp.TreasureIslandApp run FINE: Received :[1, R]
Oct 30, 2025 1:07:47.612508271 PM comp512.ti.TreasureIsland move INFO: Move request: player number 1 direction R
Oct 30, 2025 1:07:47.612937568 PM comp512.ti.TreasureIsland move INFO: Player A got treasure points 1
Oct 30, 2025 1:07:49.079991913 PM comp512.gcl.GCL$GCLInbox run FINE: tr-open-01.cs.mcgill.ca:40103: Received a message from. message: [senderProcess:tr-open-01.cs.mcgill.ca:40103:val:[Ljava.lang.Object;@2b5adfad]
Oct 30, 2025 1:07:49.080485154 PM comp512.gcl.GCL readGCMessage INFO: Delivering message : [senderProcess:tr-open-01.cs.mcgill.ca:40103:val:[Ljava.lang.Object;@2b5adfad]
Oct 30, 2025 1:07:49.080713333 PM comp512st.tiapp.TreasureIslandApp run FINE: Received :[1, R]
Oct 30, 2025 1:07:49.080945608 PM comp512.ti.TreasureIsland move INFO: Move request: player number 1 direction R
