Oct 30, 2025 1:06:06.264022544 PM comp512st.tiapp.TreasureIslandApp main INFO: Started with arguments : [tr-open-01.cs.mcgill.ca:40103, tr-open-01.cs.mcgill.ca:40103,tr-open-03.cs.mcgill.ca:40203, game-03-99, 2, 1]
Oct 30, 2025 1:06:06.273561705 PM comp512.utils.FailCheck <init> INFO: Initializing failure check emulation setup....
Oct 30, 2025 1:06:06.306213303 PM comp512.gcl.GCL <init> INFO: Host tr-open-01.cs.mcgill.ca/10.69.38.151:40103
Oct 30, 2025 1:06:06.306793241 PM comp512.gcl.GCL <init> INFO: Initializing outbox despatcher threads.
Oct 30, 2025 1:06:06.311616920 PM comp512.gcl.GCL$GCLOutBoxDespatcher run INFO: tr-open-01.cs.mcgill.ca:40103: Starting outbox despatch thread for process.
Oct 30, 2025 1:06:06.313352562 PM comp512.gcl.GCL$GCLOutBoxDespatcher run INFO: tr-open-03.cs.mcgill.ca:40203: Starting outbox despatch thread for process.
Oct 30, 2025 1:06:06.325765039 PM comp512.ti.TreasureIsland <init> INFO: Treasure Island initialized.
Oct 30, 2025 1:07:03.613775979 PM comp512st.tiapp.TreasureIslandApp main FINE: cmd is : L
Oct 30, 2025 1:07:03.614625820 PM comp512.gcl.GCL broadcastMsg FINE: Broadcast message request received. Translating to point-to-point messages : [Ljava.lang.Object;@3d82c5f3
Oct 30, 2025 1:07:03.615158914 PM comp512.gcl.GCL sendMsg FINE: Request received to send message to tr-open-01.cs.mcgill.ca:40103. [Ljava.lang.Object;@3d82c5f3
Oct 30, 2025 1:07:03.615931543 PM comp512.gcl.GCL sendMsg FINE: Request received to send message to tr-open-03.cs.mcgill.ca:40203. [Ljava.lang.Object;@3d82c5f3
Oct 30, 2025 1:07:03.622049307 PM comp512.gcl.GCL$InboxListener run INFO: Network connection request from  /10.69.38.151
Oct 30, 2025 1:07:03.640547136 PM comp512.gcl.GCL$GCLOutBoxDespatcher run FINE: tr-open-03.cs.mcgill.ca:40203: Sending message to. message: [senderProcess:tr-open-01.cs.mcgill.ca:40103:val:[Ljava.lang.Object;@3d82c5f3]
Oct 30, 2025 1:07:03.641540086 PM comp512.gcl.GCL$GCLOutBoxDespatcher run FINE: tr-open-01.cs.mcgill.ca:40103: Sending message to. message: [senderProcess:tr-open-01.cs.mcgill.ca:40103:val:[Ljava.lang.Object;@3d82c5f3]
Oct 30, 2025 1:07:03.646117260 PM comp512.gcl.GCL$InboxListener run INFO: tr-open-01.cs.mcgill.ca:40103: Input stream set up for this process to receive incoming messages. Inet: /10.69.38.151
Oct 30, 2025 1:07:03.649616084 PM comp512.gcl.GCL$GCLInbox run INFO: tr-open-01.cs.mcgill.ca:40103: Starting an inBox thread to receive messages from this process.
Oct 30, 2025 1:07:03.671171809 PM comp512.gcl.GCL$GCLInbox run FINE: tr-open-01.cs.mcgill.ca:40103: Received a message from. message: [senderProcess:tr-open-01.cs.mcgill.ca:40103:val:[Ljava.lang.Object;@2fce6fd1]
Oct 30, 2025 1:07:03.672040704 PM comp512.gcl.GCL readGCMessage INFO: Delivering message : [senderProcess:tr-open-01.cs.mcgill.ca:40103:val:[Ljava.lang.Object;@2fce6fd1]
Oct 30, 2025 1:07:03.674246203 PM comp512st.tiapp.TreasureIslandApp run FINE: Received :[1, L]
Oct 30, 2025 1:07:03.676960371 PM comp512.ti.TreasureIsland move INFO: Move request: player number 1 direction L
Oct 30, 2025 1:07:15.636518309 PM comp512.gcl.GCL$InboxListener run INFO: Network connection request from  /10.69.38.153
Oct 30, 2025 1:07:15.639661625 PM comp512.gcl.GCL$InboxListener run INFO: tr-open-03.cs.mcgill.ca:40203: Input stream set up for this process to receive incoming messages. Inet: /10.69.38.153
Oct 30, 2025 1:07:15.642345551 PM comp512.gcl.GCL$GCLInbox run INFO: tr-open-03.cs.mcgill.ca:40203: Starting an inBox thread to receive messages from this process.
Oct 30, 2025 1:07:15.648355790 PM comp512.gcl.GCL$GCLInbox run FINE: tr-open-03.cs.mcgill.ca:40203: Received a message from. message: [senderProcess:tr-open-03.cs.mcgill.ca:40203:val:[Ljava.lang.Object;@42f3be0f]
Oct 30, 2025 1:07:15.649881945 PM comp512.gcl.GCL readGCMessage INFO: Delivering message : [senderProcess:tr-open-03.cs.mcgill.ca:40203:val:[Ljava.lang.Object;@42f3be0f]
Oct 30, 2025 1:07:15.652135918 PM comp512st.tiapp.TreasureIslandApp run FINE: Received :[2, U]
Oct 30, 2025 1:07:15.654641816 PM comp512.ti.TreasureIsland move INFO: Move request: player number 2 direction U
Oct 30, 2025 1:07:46.123842117 PM comp512st.tiapp.TreasureIslandApp main FINE: cmd is : R
Oct 30, 2025 1:07:46.124540713 PM comp512.gcl.GCL broadcastMsg FINE: Broadcast message request received. Translating to point-to-point messages : [Ljava.lang.Object;@4dcbadb4
Oct 30, 2025 1:07:46.124807113 PM comp512.gcl.GCL sendMsg FINE: Request received to send message to tr-open-01.cs.mcgill.ca:40103. [Ljava.lang.Object;@4dcbadb4
Oct 30, 2025 1:07:46.125033646 PM comp512.gcl.GCL sendMsg FINE: Request received to send message to tr-open-03.cs.mcgill.ca:40203. [Ljava.lang.Object;@4dcbadb4
Oct 30, 2025 1:07:46.127016153 PM comp512.gcl.GCL$GCLOutBoxDespatcher run FINE: tr-open-01.cs.mcgill.ca:40103: Sending message to. message: [senderProcess:tr-open-01.cs.mcgill.ca:40103:val:[Ljava.lang.Object;@4dcbadb4]
Oct 30, 2025 1:07:46.127390597 PM comp512.gcl.GCL$GCLOutBoxDespatcher run FINE: tr-open-03.cs.mcgill.ca:40203: Sending message to. message: [senderProcess:tr-open-01.cs.mcgill.ca:40103:val:[Ljava.lang.Object;@4dcbadb4]
Oct 30, 2025 1:07:46.127933477 PM comp512.gcl.GCL$GCLInbox run FINE: tr-open-01.cs.mcgill.ca:40103: Received a message from. message: [senderProcess:tr-open-01.cs.mcgill.ca:40103:val:[Ljava.lang.Object;@6b8205d3]
Oct 30, 2025 1:07:46.130511768 PM comp512.gcl.GCL readGCMessage INFO: Delivering message : [senderProcess:tr-open-01.cs.mcgill.ca:40103:val:[Ljava.lang.Object;@6b8205d3]
Oct 30, 2025 1:07:46.132749992 PM comp512st.tiapp.TreasureIslandApp run FINE: Received :[1, R]
Oct 30, 2025 1:07:46.135996825 PM comp512.ti.TreasureIsland move INFO: Move request: player number 1 direction R
Oct 30, 2025 1:07:47.595097055 PM comp512st.tiapp.TreasureIslandApp main FINE: cmd is : R
Oct 30, 2025 1:07:47.595630620 PM comp512.gcl.GCL broadcastMsg FINE: Broadcast message request received. Translating to point-to-point messages : [Ljava.lang.Object;@4e515669
Oct 30, 2025 1:07:47.601296930 PM comp512.gcl.GCL sendMsg FINE: Request received to send message to tr-open-01.cs.mcgill.ca:40103. [Ljava.lang.Object;@4e515669
Oct 30, 2025 1:07:47.603095929 PM comp512.gcl.GCL sendMsg FINE: Request received to send message to tr-open-03.cs.mcgill.ca:40203. [Ljava.lang.Object;@4e515669
Oct 30, 2025 1:07:47.603385296 PM comp512.gcl.GCL$GCLOutBoxDespatcher run FINE: tr-open-01.cs.mcgill.ca:40103: Sending message to. message: [senderProcess:tr-open-01.cs.mcgill.ca:40103:val:[Ljava.lang.Object;@4e515669]
Oct 30, 2025 1:07:47.605763131 PM comp512.gcl.GCL$GCLOutBoxDespatcher run FINE: tr-open-03.cs.mcgill.ca:40203: Sending message to. message: [senderProcess:tr-open-01.cs.mcgill.ca:40103:val:[Ljava.lang.Object;@4e515669]
Oct 30, 2025 1:07:47.609751772 PM comp512.gcl.GCL$GCLInbox run FINE: tr-open-01.cs.mcgill.ca:40103: Received a message from. message: [senderProcess:tr-open-01.cs.mcgill.ca:40103:val:[Ljava.lang.Object;@1eabe17c]
Oct 30, 2025 1:07:47.614720974 PM comp512.gcl.GCL readGCMessage INFO: Delivering message : [senderProcess:tr-open-01.cs.mcgill.ca:40103:val:[Ljava.lang.Object;@1eabe17c]
Oct 30, 2025 1:07:47.617919602 PM comp512st.tiapp.TreasureIslandApp run FINE: Received :[1, R]
Oct 30, 2025 1:07:47.620854086 PM comp512.ti.TreasureIsland move INFO: Move request: player number 1 direction R
Oct 30, 2025 1:07:47.621649766 PM comp512.ti.TreasureIsland move INFO: Player A got treasure points 1
Oct 30, 2025 1:07:49.074786479 PM comp512st.tiapp.TreasureIslandApp main FINE: cmd is : R
Oct 30, 2025 1:07:49.075339290 PM comp512.gcl.GCL broadcastMsg FINE: Broadcast message request received. Translating to point-to-point messages : [Ljava.lang.Object;@17d10166
Oct 30, 2025 1:07:49.075600272 PM comp512.gcl.GCL sendMsg FINE: Request received to send message to tr-open-01.cs.mcgill.ca:40103. [Ljava.lang.Object;@17d10166
Oct 30, 2025 1:07:49.075774732 PM comp512.gcl.GCL sendMsg FINE: Request received to send message to tr-open-03.cs.mcgill.ca:40203. [Ljava.lang.Object;@17d10166
Oct 30, 2025 1:07:49.075862233 PM comp512.gcl.GCL$GCLOutBoxDespatcher run FINE: tr-open-01.cs.mcgill.ca:40103: Sending message to. message: [senderProcess:tr-open-01.cs.mcgill.ca:40103:val:[Ljava.lang.Object;@17d10166]
Oct 30, 2025 1:07:49.076619121 PM comp512.gcl.GCL$GCLInbox run FINE: tr-open-01.cs.mcgill.ca:40103: Received a message from. message: [senderProcess:tr-open-01.cs.mcgill.ca:40103:val:[Ljava.lang.Object;@130dd5c9]
Oct 30, 2025 1:07:49.078290311 PM comp512.gcl.GCL$GCLOutBoxDespatcher run FINE: tr-open-03.cs.mcgill.ca:40203: Sending message to. message: [senderProcess:tr-open-01.cs.mcgill.ca:40103:val:[Ljava.lang.Object;@17d10166]
Oct 30, 2025 1:07:49.079290077 PM comp512.gcl.GCL readGCMessage INFO: Delivering message : [senderProcess:tr-open-01.cs.mcgill.ca:40103:val:[Ljava.lang.Object;@130dd5c9]
Oct 30, 2025 1:07:49.079488833 PM comp512st.tiapp.TreasureIslandApp run FINE: Received :[1, R]
Oct 30, 2025 1:07:49.079640967 PM comp512.ti.TreasureIsland move INFO: Move request: player number 1 direction R
Oct 30, 2025 1:08:09.331535415 PM comp512.gcl.GCL$GCLInbox run SEVERE: tr-open-03.cs.mcgill.ca:40203: Socket was closed at the other end. Encountered EOFException while reading from. java.io.EOFException
java.io.EOFException
	at java.base/java.io.ObjectInputStream$BlockDataInputStream.peekByte(ObjectInputStream.java:3232)
	at java.base/java.io.ObjectInputStream.readObject0(ObjectInputStream.java:1713)
	at java.base/java.io.ObjectInputStream.readObject(ObjectInputStream.java:540)
	at java.base/java.io.ObjectInputStream.readObject(ObjectInputStream.java:498)
	at comp512.gcl.GCL$GCLInbox.run(GCL.java:279)

Oct 30, 2025 1:08:09.333789936 PM comp512.gcl.GCL$GCLInbox run INFO: tr-open-03.cs.mcgill.ca:40203: Closed incoming connection from this process. The inBox thread is shutdown.
